总的逻辑：硬盘插入到服务器中 -- 服务器硬件识别 -- 服务器软件识别 -- 硬盘挂载 -- 空间使用

**手动挂载**：

```
# 查看盘
sudo fdisk -l
# 进入到挂载目录
cd /media/eesissi/sdc

# 挂载到当前目录，注意不是将sdc挂载，而是将分区sdc1进行挂载
sudo mount /dev/sdc1 .

# 查看挂载情况
df -TH
```

注意，输入frisk的时候，显示的信息如下，挂载的是设备sdb1等，而不是sdb：

```
Disk /dev/sdb: 1.8 TiB, 1999844147200 bytes, 3905945600 sectors
Units: sectors of 1 * 512 = 512 bytes
Sector size (logical/physical): 512 bytes / 512 bytes
I/O size (minimum/optimal): 512 bytes / 512 bytes
Disklabel type: gpt
Disk identifier: 0C2DB46D-BB96-44F4-BCF8-1B1C985BD26D

设备        Start     末尾     扇区  Size 类型
/dev/sdb1      34     262177     262144  128M Microsoft reserved
/dev/sdb2  264192 3905943551 3905679360  1.8T Microsoft basic data


Disk /dev/sdc: 1.8 TiB, 1999844147200 bytes, 3905945600 sectors
Units: sectors of 1 * 512 = 512 bytes
Sector size (logical/physical): 512 bytes / 512 bytes
I/O size (minimum/optimal): 512 bytes / 512 bytes
Disklabel type: dos
Disk identifier: 0x5e8c4b57

设备       启动 Start     末尾     扇区  Size Id 类型
/dev/sdc1        2048 3905945599 3905943552  1.8T 83 Linux
```

**显示**：

因为不同的硬盘输入命令ls显示的就不一样，所以注意切换用户

**自动挂载**：

详细查看下面教程

如果文件设置错误，或导致开机失败，这时候就要去机房直接操作服务器。

```
sudo vi /etc/fstab
```

将错误的代码注销掉即可

## 硬件层面

**Raid0 和raid1 区别：**

比如我现在有两块1t的硬盘，我如果想拼成2t使用，那么使用raid0

raid1表示只使用一块硬盘，另一块硬盘是备份用的。所以只有1t空间可以使用

**physical disk 和 virtual disk区别：**

物理硬盘是接入在服务器上的接口，通常有三种状态

- ready
- foreign
- online

online表示该硬盘是正在使用中

foreign表示该硬盘没有被服务器读取

ready是读取了，但是还没有使用，需要进一步配置

Virtual disk 会显示正在使用中的硬盘。

physical disk 会显示硬盘是否被读取。

## 软件层面

如果disk配置好啦，然后就可以在管理员权限下使用

参考视频：https://www.youtube.com/watch?v=vAU5psrq8cc

```
sudo fdisk -l
```

查看是不是已经可以使用了，接下来要使用命令行对硬盘进行挂载配置。

显示如下：

```
eesissi@server:/home/zwl$ sudo fdisk -l
[sudo] eesissi 的密码：
Disk /dev/sda: 446.6 GiB, 479559942144 bytes, 936640512 sectors
Units: sectors of 1 * 512 = 512 bytes
Sector size (logical/physical): 512 bytes / 4096 bytes
I/O size (minimum/optimal): 4096 bytes / 4096 bytes
Disklabel type: gpt
Disk identifier: C0CE5B3D-28F4-43FA-8DF7-32F23D3B8BA6

设备           Start    末尾    扇区   Size 类型
/dev/sda1       2048   1050623   1048576   512M EFI System
/dev/sda2    1050624 669331455 668280832 318.7G Linux filesystem
/dev/sda3  669331456 936638463 267307008 127.5G Linux swap


Disk /dev/sdc: 1.8 TiB, 1999844147200 bytes, 3905945600 sectors
Units: sectors of 1 * 512 = 512 bytes
Sector size (logical/physical): 512 bytes / 512 bytes
I/O size (minimum/optimal): 512 bytes / 512 bytes


Disk /dev/sdb: 1.8 TiB, 1999844147200 bytes, 3905945600 sectors
Units: sectors of 1 * 512 = 512 bytes
Sector size (logical/physical): 512 bytes / 512 bytes
I/O size (minimum/optimal): 512 bytes / 512 bytes
Disklabel type: gpt
Disk identifier: 0C2DB46D-BB96-44F4-BCF8-1B1C985BD26D

设备        Start     末尾     扇区  Size 类型
/dev/sdb1      34     262177     262144  128M Microsoft reserved
/dev/sdb2  264192 3905943551 3905679360  1.8T Microsoft basic data
```

参考：[安装文件说明](../Others/14G服务器之F2创建RAID篇.pdf)

**接下来使用软件层面安装**

**初始化硬盘分区，挂载**

**参考教程**：https://www.cnblogs.com/stulzq/p/7610100.html

如果失效了，访问下面：[初始化硬盘挂载教程](../Others/Centos7_Ubuntu 初始化硬盘分区、挂载 - 晓晨Master - 博客园.html)

硬盘要挂载了才能使用，并且命令都要通过sudo权限使用

- 获得UUID

```
# 会显示硬盘装的位置
sudo blkid
```

```
eesissi@server:/home/zwl$ sudo blkid
[sudo] eesissi 的密码：
/dev/sda1: UUID="5CBA-58AE" TYPE="vfat" PARTLABEL="EFI System Partition" PARTUUID="c3168702-891f-4ba7-aa5f-86aa9a8d1a93"
/dev/sda2: UUID="fba2ee8d-98c1-4dd1-8e0c-28902d2072df" TYPE="ext4" PARTUUID="1ed66195-5067-49bd-95c1-0a69a9953761"
/dev/sda3: UUID="2bc3bbfa-57fa-4e75-9790-cace80f8f96a" TYPE="swap" PARTUUID="5e488191-f989-47ea-bfe4-4d6247c5b697"
/dev/sdb1: PARTLABEL="Microsoft reserved partition" PARTUUID="abacf46f-4473-46f4-9a6c-3e5f5b6e9c64"
/dev/sdb2: LABEL="Data" UUID="B8320A3A3209FDDE" TYPE="ntfs" PARTLABEL="Basic data partition" PARTUUID="146407f3-df89-4d8d-9c72-f4d51397379d"
```

可以获得UUID

- 设置硬盘挂载点

其实就是建立一个文件夹，然后这个文件夹里面的数据都是存储在这个硬盘中的

```
sudo mkdir /media/data
```

比如我们创建了一个data文件，如果挂载在这个文件夹里面，数据都会存储在硬盘中

- 设置开机自动挂载硬盘

查看uuid

```
sudo blkid
```

显示信息如下：

```
/dev/sda1: UUID="5CBA-58AE" TYPE="vfat" PARTLABEL="EFI System Partition" PARTUUID="c3168702-891f-4ba7-aa5f-86aa9a8d1a93"
/dev/sda2: UUID="fba2ee8d-98c1-4dd1-8e0c-28902d2072df" TYPE="ext4" PARTUUID="1ed66195-5067-49bd-95c1-0a69a9953761"
/dev/sda3: UUID="2bc3bbfa-57fa-4e75-9790-cace80f8f96a" TYPE="swap" PARTUUID="5e488191-f989-47ea-bfe4-4d6247c5b697"
/dev/sdb1: PARTLABEL="Microsoft reserved partition" PARTUUID="abacf46f-4473-46f4-9a6c-3e5f5b6e9c64"
/dev/sdb2: LABEL="Data" UUID="B8320A3A3209FDDE" TYPE="ntfs" PARTLABEL="Basic data partition" PARTUUID="146407f3-df89-4d8d-9c72-f4d51397379d"
/dev/sdc1: UUID="6ac86c62-256f-4f65-b00c-1a30a8fc3a56" TYPE="ext4" PARTUUID="5e8c4b57-01"
```

查看挂载点：

```
文件系统       类型      容量  已用  可用 已用% 挂载点
udev           devtmpfs   84G     0   84G    0% /dev
tmpfs          tmpfs      17G   45M   17G    1% /run
/dev/sda2      ext4      337G  286G   35G   90% /
tmpfs          tmpfs      84G  238k   84G    1% /dev/shm
tmpfs          tmpfs     5.3M     0  5.3M    0% /run/lock
tmpfs          tmpfs      84G     0   84G    0% /sys/fs/cgroup
/dev/sda1      vfat      536M  5.2M  531M    1% /boot/efi
tmpfs          tmpfs      17G   29k   17G    1% /run/user/1000
tmpfs          tmpfs      17G  8.2k   17G    1% /run/user/1003
/dev/sdc1      ext4      2.0T   71M  1.9T    1% /media/eesissi/sdc
/dev/sdb2      fuseblk   2.0T  1.1T  988G   51% /media/zwl/Data
```

然后按照上面的教程设置开机自动挂载

